MO i2c_master_top NULL i2c_master_top.v vlg67/i2c__master__top.bin 1546112655
AR i2c_master_v01 arc C:/Users/aleja/OneDrive/Github/Mio/Pano/Pano_Logic/G1/test_audio/i2c_master_v01.vhd sub00/vhpl01 1546181696
MO i2c_master NULL i2c_master.v vlg65/i2c__master.bin 1546016827
MO Audio_test_main NULL Audio_test_main.v vlg5D/_audio__test__main.bin 1546181695
MO i2c_master_byte_ctrl NULL i2c_master_byte_ctrl.v vlg5C/i2c__master__byte__ctrl.bin 1546112655
EN i2c_master_v01 NULL C:/Users/aleja/OneDrive/Github/Mio/Pano/Pano_Logic/G1/test_audio/i2c_master_v01.vhd sub00/vhpl00 1546181695
MO I2C_Command NULL I2C_Command.v vlg00/_i2_c___command.bin 1546181695
MO i2c_master_bit_ctrl NULL i2c_master_bit_ctrl.v vlg07/i2c__master__bit__ctrl.bin 1546112655
